Archive member included because of file (symbol)

c:/yagarto-20121222/bin/../lib/gcc/arm-none-eabi/4.7.2/thumb/v6m\libgcc.a(_udivsi3.o)
                              .\src\system_stm32f0xx.o (__aeabi_uidiv)
c:/yagarto-20121222/bin/../lib/gcc/arm-none-eabi/4.7.2/thumb/v6m\libgcc.a(_dvmd_tls.o)
                              c:/yagarto-20121222/bin/../lib/gcc/arm-none-eabi/4.7.2/thumb/v6m\libgcc.a(_udivsi3.o) (__aeabi_idiv0)

Allocating common symbols
Common symbol       size              file

GPIO_InitStructure  0x8               .\src\main.o

Memory Configuration

Name             Origin             Length             Attributes
FLASH            0x08000000         0x00010000         xr
RAM              0x20000000         0x00002000         xrw
*default*        0x00000000         0xffffffff

Linker script and memory map

LOAD .\startup\startup_stm32f0xx.o
LOAD .\src\main.o
LOAD .\src\stm32f0xx_it.o
LOAD .\src\system_stm32f0xx.o
LOAD ..\STM32F0-Discovery_FW_V1.0.0\Libraries\STM32F0xx_StdPeriph_Driver\src\stm32f0xx_gpio.o
LOAD ..\STM32F0-Discovery_FW_V1.0.0\Libraries\STM32F0xx_StdPeriph_Driver\src\stm32f0xx_rcc.o
START GROUP
LOAD c:/yagarto-20121222/bin/../lib/gcc/arm-none-eabi/4.7.2/thumb/v6m\libgcc.a
LOAD c:/yagarto-20121222/bin/../lib/gcc/arm-none-eabi/4.7.2/../../../../arm-none-eabi/lib/thumb/v6m\libc.a
END GROUP
                0x00000400                stack_size = 0x400
                0x00000100                heap_size = 0x100
                0x20002000                _stack_start = (ORIGIN (RAM) + 0x2000)
                0x20001c00                _stack_end = (_stack_start - stack_size)

.isr_vector     0x08000000       0xc4
                0x08000000                . = ALIGN (0x4)
 *(.isr_vector)
 .isr_vector    0x08000000       0xc4 .\startup\startup_stm32f0xx.o
                0x08000000                g_pfnVectors
                0x080000c4                . = ALIGN (0x4)

.text           0x080000c4      0x944
                0x080000c4                . = ALIGN (0x4)
 *(.text)
 .text          0x080000c4       0x14 .\startup\startup_stm32f0xx.o
 .text          0x080000d8       0x1a .\src\main.o
                0x080000d8                delay
 .text          0x080000f2        0xc .\src\stm32f0xx_it.o
                0x080000f2                NMI_Handler
                0x080000f4                HardFault_Handler
                0x080000f8                SVC_Handler
                0x080000fa                PendSV_Handler
                0x080000fc                SysTick_Handler
 *fill*         0x080000fe        0x2 
 .text          0x08000100      0x11c .\src\system_stm32f0xx.o
                0x08000100                SystemInit
                0x080001b8                SystemCoreClockUpdate
 .text          0x0800021c      0x198 ..\STM32F0-Discovery_FW_V1.0.0\Libraries\STM32F0xx_StdPeriph_Driver\src\stm32f0xx_gpio.o
                0x0800021c                GPIO_DeInit
                0x080002a4                GPIO_Init
                0x0800031e                GPIO_StructInit
                0x08000334                GPIO_PinLockConfig
                0x08000358                GPIO_ReadInputDataBit
                0x08000362                GPIO_ReadInputData
                0x08000366                GPIO_ReadOutputDataBit
                0x08000370                GPIO_ReadOutputData
                0x08000374                GPIO_SetBits
                0x08000378                GPIO_ResetBits
                0x0800037c                GPIO_WriteBit
                0x0800038a                GPIO_Write
                0x0800038e                GPIO_PinAFConfig
 .text          0x080003b4      0x520 ..\STM32F0-Discovery_FW_V1.0.0\Libraries\STM32F0xx_StdPeriph_Driver\src\stm32f0xx_rcc.o
                0x080003b4                RCC_DeInit
                0x08000414                RCC_HSEConfig
                0x08000424                RCC_AdjustHSICalibrationValue
                0x08000438                RCC_HSICmd
                0x08000454                RCC_AdjustHSI14CalibrationValue
                0x08000468                RCC_HSI14Cmd
                0x08000484                RCC_HSI14ADCRequestCmd
                0x080004a0                RCC_LSEConfig
                0x080004c0                RCC_LSEDriveConfig
                0x080004d8                RCC_LSICmd
                0x080004f4                RCC_PLLConfig
                0x08000514                RCC_PLLCmd
                0x08000538                RCC_PREDIV1Config
                0x0800054c                RCC_ClockSecuritySystemCmd
                0x08000570                RCC_MCOConfig
                0x0800057c                RCC_SYSCLKConfig
                0x08000590                RCC_GetSYSCLKSource
                0x080005a0                RCC_HCLKConfig
                0x080005b4                RCC_PCLKConfig
                0x080005cc                RCC_ADCCLKConfig
                0x080005fc                RCC_CECCLKConfig
                0x08000614                RCC_I2CCLKConfig
                0x0800062c                RCC_USARTCLKConfig
                0x08000644                RCC_GetClocksFreq
                0x0800072c                RCC_RTCCLKConfig
                0x0800073c                RCC_RTCCLKCmd
                0x08000760                RCC_BackupResetCmd
                0x08000784                RCC_AHBPeriphClockCmd
                0x080007a0                RCC_APB2PeriphClockCmd
                0x080007bc                RCC_APB1PeriphClockCmd
                0x080007d8                RCC_AHBPeriphResetCmd
                0x080007f4                RCC_APB2PeriphResetCmd
                0x08000810                RCC_APB1PeriphResetCmd
                0x0800082c                RCC_ITConfig
                0x08000848                RCC_GetFlagStatus
                0x08000878                RCC_WaitForHSEStartUp
                0x080008a4                RCC_ClearFlag
                0x080008b8                RCC_GetITStatus
                0x080008c8                RCC_ClearITPendingBit
 .text          0x080008d4       0x9c c:/yagarto-20121222/bin/../lib/gcc/arm-none-eabi/4.7.2/thumb/v6m\libgcc.a(_udivsi3.o)
                0x080008d4                __aeabi_uidiv
                0x080008d4                __udivsi3
                0x0800095c                __aeabi_uidivmod
 .text          0x08000970        0x4 c:/yagarto-20121222/bin/../lib/gcc/arm-none-eabi/4.7.2/thumb/v6m\libgcc.a(_dvmd_tls.o)
                0x08000970                __aeabi_idiv0
                0x08000970                __aeabi_ldiv0
 *(.text*)
 .text.Reset_Handler
                0x08000974       0x44 .\startup\startup_stm32f0xx.o
                0x08000974                Reset_Handler
 .text.Default_Handler
                0x080009b8        0x2 .\startup\startup_stm32f0xx.o
                0x080009b8                TIM1_CC_IRQHandler
                0x080009b8                ADC1_COMP_IRQHandler
                0x080009b8                PVD_IRQHandler
                0x080009b8                I2C1_IRQHandler
                0x080009b8                SPI1_IRQHandler
                0x080009b8                TIM6_DAC_IRQHandler
                0x080009b8                EXTI2_3_IRQHandler
                0x080009b8                I2C2_IRQHandler
                0x080009b8                TIM17_IRQHandler
                0x080009b8                RTC_IRQHandler
                0x080009b8                TIM16_IRQHandler
                0x080009b8                TIM3_IRQHandler
                0x080009b8                EXTI4_15_IRQHandler
                0x080009b8                RCC_IRQHandler
                0x080009b8                DMA1_Channel1_IRQHandler
                0x080009b8                Default_Handler
                0x080009b8                CEC_IRQHandler
                0x080009b8                TIM14_IRQHandler
                0x080009b8                DMA1_Channel4_5_IRQHandler
                0x080009b8                TIM15_IRQHandler
                0x080009b8                EXTI0_1_IRQHandler
                0x080009b8                SPI2_IRQHandler
                0x080009b8                TS_IRQHandler
                0x080009b8                WWDG_IRQHandler
                0x080009b8                TIM2_IRQHandler
                0x080009b8                DMA1_Channel2_3_IRQHandler
                0x080009b8                USART2_IRQHandler
                0x080009b8                FLASH_IRQHandler
                0x080009b8                USART1_IRQHandler
                0x080009b8                TIM1_BRK_UP_TRG_COM_IRQHandler
 *fill*         0x080009ba        0x2 
 .text.startup  0x080009bc       0x4c .\src\main.o
                0x080009bc                main
 *(.rodata)
 *(.rodata*)
 *(.glue_7)
 .glue_7        0x00000000        0x0 linker stubs
 *(.glue_7t)
 .glue_7t       0x00000000        0x0 linker stubs
                0x08000a08                . = ALIGN (0x4)
                0x08000a08                _etext = .

.vfp11_veneer   0x08000a08        0x0
 .vfp11_veneer  0x00000000        0x0 linker stubs

.v4_bx          0x08000a08        0x0
 .v4_bx         0x00000000        0x0 linker stubs

.iplt           0x08000a08        0x0
 .iplt          0x00000000        0x0 .\startup\startup_stm32f0xx.o

.rel.dyn        0x08000a08        0x0
 .rel.iplt      0x00000000        0x0 .\startup\startup_stm32f0xx.o

.ARM.extab
 *(.ARM.extab* .gnu.linkonce.armextab.*)

.ARM            0x08000a08        0x0
                0x08000a08                __exidx_start = .
 *(.ARM.exidx*)
                0x08000a08                __exidx_end = .
                0x08000a08                _sidata = .

.data           0x20000000       0x24 load address 0x08000a08
                0x20000000                . = ALIGN (0x4)
                0x20000000                _sdata = .
 *(.data)
 .data          0x20000000        0x0 .\startup\startup_stm32f0xx.o
 .data          0x20000000        0x0 .\src\main.o
 .data          0x20000000        0x0 .\src\stm32f0xx_it.o
 .data          0x20000000       0x14 .\src\system_stm32f0xx.o
                0x20000000                SystemCoreClock
                0x20000004                AHBPrescTable
 .data          0x20000014        0x0 ..\STM32F0-Discovery_FW_V1.0.0\Libraries\STM32F0xx_StdPeriph_Driver\src\stm32f0xx_gpio.o
 .data          0x20000014       0x10 ..\STM32F0-Discovery_FW_V1.0.0\Libraries\STM32F0xx_StdPeriph_Driver\src\stm32f0xx_rcc.o
 .data          0x20000024        0x0 c:/yagarto-20121222/bin/../lib/gcc/arm-none-eabi/4.7.2/thumb/v6m\libgcc.a(_udivsi3.o)
 .data          0x20000024        0x0 c:/yagarto-20121222/bin/../lib/gcc/arm-none-eabi/4.7.2/thumb/v6m\libgcc.a(_dvmd_tls.o)
 *(.data*)
                0x20000024                . = ALIGN (0x4)
                0x20000024                _edata = .

.igot.plt       0x20000024        0x0 load address 0x08000a2c
 .igot.plt      0x00000000        0x0 .\startup\startup_stm32f0xx.o
                0x20000024                . = ALIGN (0x4)

.bss            0x20000024        0x8 load address 0x08000a2c
                0x20000024                _sbss = .
                0x20000024                __bss_start__ = _sbss
 *(.bss)
 .bss           0x20000024        0x0 .\startup\startup_stm32f0xx.o
 .bss           0x20000024        0x0 .\src\main.o
 .bss           0x20000024        0x0 .\src\stm32f0xx_it.o
 .bss           0x20000024        0x0 .\src\system_stm32f0xx.o
 .bss           0x20000024        0x0 ..\STM32F0-Discovery_FW_V1.0.0\Libraries\STM32F0xx_StdPeriph_Driver\src\stm32f0xx_gpio.o
 .bss           0x20000024        0x0 ..\STM32F0-Discovery_FW_V1.0.0\Libraries\STM32F0xx_StdPeriph_Driver\src\stm32f0xx_rcc.o
 .bss           0x20000024        0x0 c:/yagarto-20121222/bin/../lib/gcc/arm-none-eabi/4.7.2/thumb/v6m\libgcc.a(_udivsi3.o)
 .bss           0x20000024        0x0 c:/yagarto-20121222/bin/../lib/gcc/arm-none-eabi/4.7.2/thumb/v6m\libgcc.a(_dvmd_tls.o)
 *(.bss*)
 *(COMMON)
 COMMON         0x20000024        0x8 .\src\main.o
                0x20000024                GPIO_InitStructure
                0x2000002c                . = ALIGN (0x4)
                0x2000002c                _ebss = .
                0x2000002c                __bss_end__ = _ebss
                0x2000002c                . = ALIGN (0x4)

.heap           0x2000002c      0x100 load address 0x08000a34
                0x2000002c                _heap_start = .
                0x2000012c                . = (. + heap_size)
 *fill*         0x2000002c      0x100 
                0x2000012c                . = ALIGN (0x4)
                0x20001c00                . = _stack_end

.stack          0x2000012c      0x400 load address 0x08000b34
                0x2000052c                . = (. + stack_size)
 *fill*         0x2000012c      0x400 

/DISCARD/
 libc.a(*)
 libm.a(*)
 libgcc.a(*)

.ARM.attributes
                0x00000000       0x2d
 *(.ARM.attributes)
 .ARM.attributes
                0x00000000       0x21 .\startup\startup_stm32f0xx.o
 .ARM.attributes
                0x00000021       0x31 .\src\main.o
 .ARM.attributes
                0x00000052       0x31 .\src\stm32f0xx_it.o
 .ARM.attributes
                0x00000083       0x31 .\src\system_stm32f0xx.o
 .ARM.attributes
                0x000000b4       0x31 ..\STM32F0-Discovery_FW_V1.0.0\Libraries\STM32F0xx_StdPeriph_Driver\src\stm32f0xx_gpio.o
 .ARM.attributes
                0x000000e5       0x31 ..\STM32F0-Discovery_FW_V1.0.0\Libraries\STM32F0xx_StdPeriph_Driver\src\stm32f0xx_rcc.o
 .ARM.attributes
                0x00000116       0x1d c:/yagarto-20121222/bin/../lib/gcc/arm-none-eabi/4.7.2/thumb/v6m\libgcc.a(_udivsi3.o)
 .ARM.attributes
                0x00000133       0x1d c:/yagarto-20121222/bin/../lib/gcc/arm-none-eabi/4.7.2/thumb/v6m\libgcc.a(_dvmd_tls.o)
OUTPUT(iotogglem0_rom.elf elf32-littlearm)

.debug_line     0x00000000      0x9b5
 .debug_line    0x00000000       0x7c .\startup\startup_stm32f0xx.o
 .debug_line    0x0000007c      0x18a .\src\main.o
 .debug_line    0x00000206       0x4e .\src\stm32f0xx_it.o
 .debug_line    0x00000254      0x121 .\src\system_stm32f0xx.o
 .debug_line    0x00000375      0x229 ..\STM32F0-Discovery_FW_V1.0.0\Libraries\STM32F0xx_StdPeriph_Driver\src\stm32f0xx_gpio.o
 .debug_line    0x0000059e      0x331 ..\STM32F0-Discovery_FW_V1.0.0\Libraries\STM32F0xx_StdPeriph_Driver\src\stm32f0xx_rcc.o
 .debug_line    0x000008cf       0x7f c:/yagarto-20121222/bin/../lib/gcc/arm-none-eabi/4.7.2/thumb/v6m\libgcc.a(_udivsi3.o)
 .debug_line    0x0000094e       0x67 c:/yagarto-20121222/bin/../lib/gcc/arm-none-eabi/4.7.2/thumb/v6m\libgcc.a(_dvmd_tls.o)

.debug_info     0x00000000     0x1ab5
 .debug_info    0x00000000       0x7a .\startup\startup_stm32f0xx.o
 .debug_info    0x0000007a      0x3c0 .\src\main.o
 .debug_info    0x0000043a       0xdd .\src\stm32f0xx_it.o
 .debug_info    0x00000517      0x310 .\src\system_stm32f0xx.o
 .debug_info    0x00000827      0x6c4 ..\STM32F0-Discovery_FW_V1.0.0\Libraries\STM32F0xx_StdPeriph_Driver\src\stm32f0xx_gpio.o
 .debug_info    0x00000eeb      0xa88 ..\STM32F0-Discovery_FW_V1.0.0\Libraries\STM32F0xx_StdPeriph_Driver\src\stm32f0xx_rcc.o
 .debug_info    0x00001973       0xa1 c:/yagarto-20121222/bin/../lib/gcc/arm-none-eabi/4.7.2/thumb/v6m\libgcc.a(_udivsi3.o)
 .debug_info    0x00001a14       0xa1 c:/yagarto-20121222/bin/../lib/gcc/arm-none-eabi/4.7.2/thumb/v6m\libgcc.a(_dvmd_tls.o)

.debug_abbrev   0x00000000      0x77f
 .debug_abbrev  0x00000000       0x12 .\startup\startup_stm32f0xx.o
 .debug_abbrev  0x00000012      0x168 .\src\main.o
 .debug_abbrev  0x0000017a       0x5a .\src\stm32f0xx_it.o
 .debug_abbrev  0x000001d4      0x131 .\src\system_stm32f0xx.o
 .debug_abbrev  0x00000305      0x1ec ..\STM32F0-Discovery_FW_V1.0.0\Libraries\STM32F0xx_StdPeriph_Driver\src\stm32f0xx_gpio.o
 .debug_abbrev  0x000004f1      0x266 ..\STM32F0-Discovery_FW_V1.0.0\Libraries\STM32F0xx_StdPeriph_Driver\src\stm32f0xx_rcc.o
 .debug_abbrev  0x00000757       0x14 c:/yagarto-20121222/bin/../lib/gcc/arm-none-eabi/4.7.2/thumb/v6m\libgcc.a(_udivsi3.o)
 .debug_abbrev  0x0000076b       0x14 c:/yagarto-20121222/bin/../lib/gcc/arm-none-eabi/4.7.2/thumb/v6m\libgcc.a(_dvmd_tls.o)

.debug_aranges  0x00000000      0x110
 .debug_aranges
                0x00000000       0x28 .\startup\startup_stm32f0xx.o
 .debug_aranges
                0x00000028       0x28 .\src\main.o
 .debug_aranges
                0x00000050       0x20 .\src\stm32f0xx_it.o
 .debug_aranges
                0x00000070       0x20 .\src\system_stm32f0xx.o
 .debug_aranges
                0x00000090       0x20 ..\STM32F0-Discovery_FW_V1.0.0\Libraries\STM32F0xx_StdPeriph_Driver\src\stm32f0xx_gpio.o
 .debug_aranges
                0x000000b0       0x20 ..\STM32F0-Discovery_FW_V1.0.0\Libraries\STM32F0xx_StdPeriph_Driver\src\stm32f0xx_rcc.o
 .debug_aranges
                0x000000d0       0x20 c:/yagarto-20121222/bin/../lib/gcc/arm-none-eabi/4.7.2/thumb/v6m\libgcc.a(_udivsi3.o)
 .debug_aranges
                0x000000f0       0x20 c:/yagarto-20121222/bin/../lib/gcc/arm-none-eabi/4.7.2/thumb/v6m\libgcc.a(_dvmd_tls.o)

.debug_ranges   0x00000000       0x38
 .debug_ranges  0x00000000       0x20 .\startup\startup_stm32f0xx.o
 .debug_ranges  0x00000020       0x18 .\src\main.o

.debug_loc      0x00000000      0xf1d
 .debug_loc     0x00000000       0x96 .\src\main.o
 .debug_loc     0x00000096       0x20 .\src\stm32f0xx_it.o
 .debug_loc     0x000000b6      0x148 .\src\system_stm32f0xx.o
 .debug_loc     0x000001fe      0x358 ..\STM32F0-Discovery_FW_V1.0.0\Libraries\STM32F0xx_StdPeriph_Driver\src\stm32f0xx_gpio.o
 .debug_loc     0x00000556      0x9c7 ..\STM32F0-Discovery_FW_V1.0.0\Libraries\STM32F0xx_StdPeriph_Driver\src\stm32f0xx_rcc.o

.debug_str      0x00000000      0xad4
 .debug_str     0x00000000      0x2b4 .\src\main.o
                                0x2e8 (size before relaxing)
 .debug_str     0x000002b4       0x5e .\src\stm32f0xx_it.o
                                0x12f (size before relaxing)
 .debug_str     0x00000312      0x10e .\src\system_stm32f0xx.o
                                0x1fb (size before relaxing)
 .debug_str     0x00000420      0x1f1 ..\STM32F0-Discovery_FW_V1.0.0\Libraries\STM32F0xx_StdPeriph_Driver\src\stm32f0xx_gpio.o
                                0x468 (size before relaxing)
 .debug_str     0x00000611      0x4c3 ..\STM32F0-Discovery_FW_V1.0.0\Libraries\STM32F0xx_StdPeriph_Driver\src\stm32f0xx_rcc.o
                                0x6db (size before relaxing)

.comment        0x00000000       0x11
 .comment       0x00000000       0x11 .\src\main.o
                                 0x12 (size before relaxing)
 .comment       0x00000000       0x12 .\src\stm32f0xx_it.o
 .comment       0x00000000       0x12 .\src\system_stm32f0xx.o
 .comment       0x00000000       0x12 ..\STM32F0-Discovery_FW_V1.0.0\Libraries\STM32F0xx_StdPeriph_Driver\src\stm32f0xx_gpio.o
 .comment       0x00000000       0x12 ..\STM32F0-Discovery_FW_V1.0.0\Libraries\STM32F0xx_StdPeriph_Driver\src\stm32f0xx_rcc.o

.debug_frame    0x00000000      0x574
 .debug_frame   0x00000000       0x50 .\src\main.o
 .debug_frame   0x00000050       0x68 .\src\stm32f0xx_it.o
 .debug_frame   0x000000b8       0x50 .\src\system_stm32f0xx.o
 .debug_frame   0x00000108      0x120 ..\STM32F0-Discovery_FW_V1.0.0\Libraries\STM32F0xx_StdPeriph_Driver\src\stm32f0xx_gpio.o
 .debug_frame   0x00000228      0x32c ..\STM32F0-Discovery_FW_V1.0.0\Libraries\STM32F0xx_StdPeriph_Driver\src\stm32f0xx_rcc.o
 .debug_frame   0x00000554       0x20 c:/yagarto-20121222/bin/../lib/gcc/arm-none-eabi/4.7.2/thumb/v6m\libgcc.a(_udivsi3.o)

Cross Reference Table

Symbol                                            File
ADC1_COMP_IRQHandler                              .\startup\startup_stm32f0xx.o
AHBPrescTable                                     .\src\system_stm32f0xx.o
CEC_IRQHandler                                    .\startup\startup_stm32f0xx.o
DMA1_Channel1_IRQHandler                          .\startup\startup_stm32f0xx.o
DMA1_Channel2_3_IRQHandler                        .\startup\startup_stm32f0xx.o
DMA1_Channel4_5_IRQHandler                        .\startup\startup_stm32f0xx.o
Default_Handler                                   .\startup\startup_stm32f0xx.o
EXTI0_1_IRQHandler                                .\startup\startup_stm32f0xx.o
EXTI2_3_IRQHandler                                .\startup\startup_stm32f0xx.o
EXTI4_15_IRQHandler                               .\startup\startup_stm32f0xx.o
FLASH_IRQHandler                                  .\startup\startup_stm32f0xx.o
GPIO_DeInit                                       ..\STM32F0-Discovery_FW_V1.0.0\Libraries\STM32F0xx_StdPeriph_Driver\src\stm32f0xx_gpio.o
GPIO_Init                                         ..\STM32F0-Discovery_FW_V1.0.0\Libraries\STM32F0xx_StdPeriph_Driver\src\stm32f0xx_gpio.o
                                                  .\src\main.o
GPIO_InitStructure                                .\src\main.o
GPIO_PinAFConfig                                  ..\STM32F0-Discovery_FW_V1.0.0\Libraries\STM32F0xx_StdPeriph_Driver\src\stm32f0xx_gpio.o
GPIO_PinLockConfig                                ..\STM32F0-Discovery_FW_V1.0.0\Libraries\STM32F0xx_StdPeriph_Driver\src\stm32f0xx_gpio.o
GPIO_ReadInputData                                ..\STM32F0-Discovery_FW_V1.0.0\Libraries\STM32F0xx_StdPeriph_Driver\src\stm32f0xx_gpio.o
GPIO_ReadInputDataBit                             ..\STM32F0-Discovery_FW_V1.0.0\Libraries\STM32F0xx_StdPeriph_Driver\src\stm32f0xx_gpio.o
GPIO_ReadOutputData                               ..\STM32F0-Discovery_FW_V1.0.0\Libraries\STM32F0xx_StdPeriph_Driver\src\stm32f0xx_gpio.o
GPIO_ReadOutputDataBit                            ..\STM32F0-Discovery_FW_V1.0.0\Libraries\STM32F0xx_StdPeriph_Driver\src\stm32f0xx_gpio.o
GPIO_ResetBits                                    ..\STM32F0-Discovery_FW_V1.0.0\Libraries\STM32F0xx_StdPeriph_Driver\src\stm32f0xx_gpio.o
GPIO_SetBits                                      ..\STM32F0-Discovery_FW_V1.0.0\Libraries\STM32F0xx_StdPeriph_Driver\src\stm32f0xx_gpio.o
GPIO_StructInit                                   ..\STM32F0-Discovery_FW_V1.0.0\Libraries\STM32F0xx_StdPeriph_Driver\src\stm32f0xx_gpio.o
GPIO_Write                                        ..\STM32F0-Discovery_FW_V1.0.0\Libraries\STM32F0xx_StdPeriph_Driver\src\stm32f0xx_gpio.o
GPIO_WriteBit                                     ..\STM32F0-Discovery_FW_V1.0.0\Libraries\STM32F0xx_StdPeriph_Driver\src\stm32f0xx_gpio.o
HardFault_Handler                                 .\src\stm32f0xx_it.o
                                                  .\startup\startup_stm32f0xx.o
I2C1_IRQHandler                                   .\startup\startup_stm32f0xx.o
I2C2_IRQHandler                                   .\startup\startup_stm32f0xx.o
NMI_Handler                                       .\src\stm32f0xx_it.o
                                                  .\startup\startup_stm32f0xx.o
PVD_IRQHandler                                    .\startup\startup_stm32f0xx.o
PendSV_Handler                                    .\src\stm32f0xx_it.o
                                                  .\startup\startup_stm32f0xx.o
RCC_ADCCLKConfig                                  ..\STM32F0-Discovery_FW_V1.0.0\Libraries\STM32F0xx_StdPeriph_Driver\src\stm32f0xx_rcc.o
RCC_AHBPeriphClockCmd                             ..\STM32F0-Discovery_FW_V1.0.0\Libraries\STM32F0xx_StdPeriph_Driver\src\stm32f0xx_rcc.o
                                                  .\src\main.o
RCC_AHBPeriphResetCmd                             ..\STM32F0-Discovery_FW_V1.0.0\Libraries\STM32F0xx_StdPeriph_Driver\src\stm32f0xx_rcc.o
                                                  ..\STM32F0-Discovery_FW_V1.0.0\Libraries\STM32F0xx_StdPeriph_Driver\src\stm32f0xx_gpio.o
RCC_APB1PeriphClockCmd                            ..\STM32F0-Discovery_FW_V1.0.0\Libraries\STM32F0xx_StdPeriph_Driver\src\stm32f0xx_rcc.o
RCC_APB1PeriphResetCmd                            ..\STM32F0-Discovery_FW_V1.0.0\Libraries\STM32F0xx_StdPeriph_Driver\src\stm32f0xx_rcc.o
RCC_APB2PeriphClockCmd                            ..\STM32F0-Discovery_FW_V1.0.0\Libraries\STM32F0xx_StdPeriph_Driver\src\stm32f0xx_rcc.o
RCC_APB2PeriphResetCmd                            ..\STM32F0-Discovery_FW_V1.0.0\Libraries\STM32F0xx_StdPeriph_Driver\src\stm32f0xx_rcc.o
RCC_AdjustHSI14CalibrationValue                   ..\STM32F0-Discovery_FW_V1.0.0\Libraries\STM32F0xx_StdPeriph_Driver\src\stm32f0xx_rcc.o
RCC_AdjustHSICalibrationValue                     ..\STM32F0-Discovery_FW_V1.0.0\Libraries\STM32F0xx_StdPeriph_Driver\src\stm32f0xx_rcc.o
RCC_BackupResetCmd                                ..\STM32F0-Discovery_FW_V1.0.0\Libraries\STM32F0xx_StdPeriph_Driver\src\stm32f0xx_rcc.o
RCC_CECCLKConfig                                  ..\STM32F0-Discovery_FW_V1.0.0\Libraries\STM32F0xx_StdPeriph_Driver\src\stm32f0xx_rcc.o
RCC_ClearFlag                                     ..\STM32F0-Discovery_FW_V1.0.0\Libraries\STM32F0xx_StdPeriph_Driver\src\stm32f0xx_rcc.o
RCC_ClearITPendingBit                             ..\STM32F0-Discovery_FW_V1.0.0\Libraries\STM32F0xx_StdPeriph_Driver\src\stm32f0xx_rcc.o
RCC_ClockSecuritySystemCmd                        ..\STM32F0-Discovery_FW_V1.0.0\Libraries\STM32F0xx_StdPeriph_Driver\src\stm32f0xx_rcc.o
RCC_DeInit                                        ..\STM32F0-Discovery_FW_V1.0.0\Libraries\STM32F0xx_StdPeriph_Driver\src\stm32f0xx_rcc.o
RCC_GetClocksFreq                                 ..\STM32F0-Discovery_FW_V1.0.0\Libraries\STM32F0xx_StdPeriph_Driver\src\stm32f0xx_rcc.o
RCC_GetFlagStatus                                 ..\STM32F0-Discovery_FW_V1.0.0\Libraries\STM32F0xx_StdPeriph_Driver\src\stm32f0xx_rcc.o
RCC_GetITStatus                                   ..\STM32F0-Discovery_FW_V1.0.0\Libraries\STM32F0xx_StdPeriph_Driver\src\stm32f0xx_rcc.o
RCC_GetSYSCLKSource                               ..\STM32F0-Discovery_FW_V1.0.0\Libraries\STM32F0xx_StdPeriph_Driver\src\stm32f0xx_rcc.o
RCC_HCLKConfig                                    ..\STM32F0-Discovery_FW_V1.0.0\Libraries\STM32F0xx_StdPeriph_Driver\src\stm32f0xx_rcc.o
RCC_HSEConfig                                     ..\STM32F0-Discovery_FW_V1.0.0\Libraries\STM32F0xx_StdPeriph_Driver\src\stm32f0xx_rcc.o
RCC_HSI14ADCRequestCmd                            ..\STM32F0-Discovery_FW_V1.0.0\Libraries\STM32F0xx_StdPeriph_Driver\src\stm32f0xx_rcc.o
RCC_HSI14Cmd                                      ..\STM32F0-Discovery_FW_V1.0.0\Libraries\STM32F0xx_StdPeriph_Driver\src\stm32f0xx_rcc.o
RCC_HSICmd                                        ..\STM32F0-Discovery_FW_V1.0.0\Libraries\STM32F0xx_StdPeriph_Driver\src\stm32f0xx_rcc.o
RCC_I2CCLKConfig                                  ..\STM32F0-Discovery_FW_V1.0.0\Libraries\STM32F0xx_StdPeriph_Driver\src\stm32f0xx_rcc.o
RCC_IRQHandler                                    .\startup\startup_stm32f0xx.o
RCC_ITConfig                                      ..\STM32F0-Discovery_FW_V1.0.0\Libraries\STM32F0xx_StdPeriph_Driver\src\stm32f0xx_rcc.o
RCC_LSEConfig                                     ..\STM32F0-Discovery_FW_V1.0.0\Libraries\STM32F0xx_StdPeriph_Driver\src\stm32f0xx_rcc.o
RCC_LSEDriveConfig                                ..\STM32F0-Discovery_FW_V1.0.0\Libraries\STM32F0xx_StdPeriph_Driver\src\stm32f0xx_rcc.o
RCC_LSICmd                                        ..\STM32F0-Discovery_FW_V1.0.0\Libraries\STM32F0xx_StdPeriph_Driver\src\stm32f0xx_rcc.o
RCC_MCOConfig                                     ..\STM32F0-Discovery_FW_V1.0.0\Libraries\STM32F0xx_StdPeriph_Driver\src\stm32f0xx_rcc.o
RCC_PCLKConfig                                    ..\STM32F0-Discovery_FW_V1.0.0\Libraries\STM32F0xx_StdPeriph_Driver\src\stm32f0xx_rcc.o
RCC_PLLCmd                                        ..\STM32F0-Discovery_FW_V1.0.0\Libraries\STM32F0xx_StdPeriph_Driver\src\stm32f0xx_rcc.o
RCC_PLLConfig                                     ..\STM32F0-Discovery_FW_V1.0.0\Libraries\STM32F0xx_StdPeriph_Driver\src\stm32f0xx_rcc.o
RCC_PREDIV1Config                                 ..\STM32F0-Discovery_FW_V1.0.0\Libraries\STM32F0xx_StdPeriph_Driver\src\stm32f0xx_rcc.o
RCC_RTCCLKCmd                                     ..\STM32F0-Discovery_FW_V1.0.0\Libraries\STM32F0xx_StdPeriph_Driver\src\stm32f0xx_rcc.o
RCC_RTCCLKConfig                                  ..\STM32F0-Discovery_FW_V1.0.0\Libraries\STM32F0xx_StdPeriph_Driver\src\stm32f0xx_rcc.o
RCC_SYSCLKConfig                                  ..\STM32F0-Discovery_FW_V1.0.0\Libraries\STM32F0xx_StdPeriph_Driver\src\stm32f0xx_rcc.o
RCC_USARTCLKConfig                                ..\STM32F0-Discovery_FW_V1.0.0\Libraries\STM32F0xx_StdPeriph_Driver\src\stm32f0xx_rcc.o
RCC_WaitForHSEStartUp                             ..\STM32F0-Discovery_FW_V1.0.0\Libraries\STM32F0xx_StdPeriph_Driver\src\stm32f0xx_rcc.o
RTC_IRQHandler                                    .\startup\startup_stm32f0xx.o
Reset_Handler                                     .\startup\startup_stm32f0xx.o
SPI1_IRQHandler                                   .\startup\startup_stm32f0xx.o
SPI2_IRQHandler                                   .\startup\startup_stm32f0xx.o
SVC_Handler                                       .\src\stm32f0xx_it.o
                                                  .\startup\startup_stm32f0xx.o
SysTick_Handler                                   .\src\stm32f0xx_it.o
                                                  .\startup\startup_stm32f0xx.o
SystemCoreClock                                   .\src\system_stm32f0xx.o
SystemCoreClockUpdate                             .\src\system_stm32f0xx.o
SystemInit                                        .\src\system_stm32f0xx.o
                                                  .\startup\startup_stm32f0xx.o
TIM14_IRQHandler                                  .\startup\startup_stm32f0xx.o
TIM15_IRQHandler                                  .\startup\startup_stm32f0xx.o
TIM16_IRQHandler                                  .\startup\startup_stm32f0xx.o
TIM17_IRQHandler                                  .\startup\startup_stm32f0xx.o
TIM1_BRK_UP_TRG_COM_IRQHandler                    .\startup\startup_stm32f0xx.o
TIM1_CC_IRQHandler                                .\startup\startup_stm32f0xx.o
TIM2_IRQHandler                                   .\startup\startup_stm32f0xx.o
TIM3_IRQHandler                                   .\startup\startup_stm32f0xx.o
TIM6_DAC_IRQHandler                               .\startup\startup_stm32f0xx.o
TS_IRQHandler                                     .\startup\startup_stm32f0xx.o
USART1_IRQHandler                                 .\startup\startup_stm32f0xx.o
USART2_IRQHandler                                 .\startup\startup_stm32f0xx.o
WWDG_IRQHandler                                   .\startup\startup_stm32f0xx.o
__aeabi_idiv0                                     c:/yagarto-20121222/bin/../lib/gcc/arm-none-eabi/4.7.2/thumb/v6m\libgcc.a(_dvmd_tls.o)
                                                  c:/yagarto-20121222/bin/../lib/gcc/arm-none-eabi/4.7.2/thumb/v6m\libgcc.a(_udivsi3.o)
__aeabi_ldiv0                                     c:/yagarto-20121222/bin/../lib/gcc/arm-none-eabi/4.7.2/thumb/v6m\libgcc.a(_dvmd_tls.o)
__aeabi_uidiv                                     c:/yagarto-20121222/bin/../lib/gcc/arm-none-eabi/4.7.2/thumb/v6m\libgcc.a(_udivsi3.o)
                                                  ..\STM32F0-Discovery_FW_V1.0.0\Libraries\STM32F0xx_StdPeriph_Driver\src\stm32f0xx_rcc.o
                                                  .\src\system_stm32f0xx.o
__aeabi_uidivmod                                  c:/yagarto-20121222/bin/../lib/gcc/arm-none-eabi/4.7.2/thumb/v6m\libgcc.a(_udivsi3.o)
__udivsi3                                         c:/yagarto-20121222/bin/../lib/gcc/arm-none-eabi/4.7.2/thumb/v6m\libgcc.a(_udivsi3.o)
_ebss                                             .\startup\startup_stm32f0xx.o
_edata                                            .\startup\startup_stm32f0xx.o
_sbss                                             .\startup\startup_stm32f0xx.o
_sdata                                            .\startup\startup_stm32f0xx.o
_sidata                                           .\startup\startup_stm32f0xx.o
_stack_start                                      .\startup\startup_stm32f0xx.o
delay                                             .\src\main.o
g_pfnVectors                                      .\startup\startup_stm32f0xx.o
main                                              .\src\main.o
                                                  .\startup\startup_stm32f0xx.o
